// Jest Snapshot v1, https://goo.gl/fbAQLP

exports[`Pruebas en <JournalEntry /> debe de mostrarse correctamente 1`] = `
<div
  className="journal__entry pointer nimate__animated animate_fadeIn animate__faster"
  onClick={[Function]}
>
  <div
    className="journal__entry-picture"
    style={
      Object {
        "backgroundImage": "url(https://jeral.pineda/foto.jpg)",
        "backgroundSize": "cover",
      }
    }
  />
  <div
    className="journal__entry-body"
  >
    <p
      className="journal__entry-title"
    >
      Hola
    </p>
    <p
      className="journal__entry-content"
    >
      Mundo
    </p>
  </div>
  <div
    className="journal__entry-date-box"
  >
    <span>
      Friday
    </span>
    <h4>
      2nd
    </h4>
  </div>
</div>
`;
